// Jest Snapshot v1, https://goo.gl/fbAQLP

exports[`reducer returns initial state 1`] = `
Object {
  "error": null,
  "isFetching": false,
  "items": Array [],
  "limit": 0,
  "total": 0,
}
`;
