// Jest Snapshot v1, https://goo.gl/fbAQLP

exports[`SearchParams state slice reducer returns initial state 1`] = `
Object {
  "filter": Array [],
  "limit": 15,
  "search": "Gemini",
  "searchBy": "title",
  "sortBy": "vote_average",
  "sortOrder": "desc",
}
`;

exports[`SearchParams state slice reducer sets search params 1`] = `
Object {
  "limit": 20,
  "search": "Horror",
  "searchBy": "genres",
}
`;
