// Jest Snapshot v1, https://goo.gl/fbAQLP

exports[`ErrorBoundary component renders children if no errors have happened 1`] = `"Content"`;

exports[`ErrorBoundary component renders correctly when an error has happened 1`] = `
<div
  className="error-boundary centered alt-background"
>
  <div
    className="padding-content"
  >
    <h1>
      Something went wrong.
    </h1>
    <details
      className="ErrorBoundaryDetails-ymaymh-0 jykFMN"
    >
      <summary>
        Details
        <br />
      </summary>
      Error: Some genic error
      <br />
      
    in ErroneousComponent
    in ErrorBoundary
    </details>
    <p
      itemProp="telephone"
    >
      Please try again later or contact support atÂ 
      <a
        href="tel:+46771793336"
        rel="nofollow"
      >
        46 771 793 336
      </a>
    </p>
  </div>
</div>
`;
