// Jest Snapshot v1, https://goo.gl/fbAQLP

exports[`SearchResultsPanel component renders correctly 1`] = `
<SearchResultsPanelStyled
  className="font-bold padding-controls"
  data-cy="search-results-panel"
>
  <p>
    Some content
  </p>
  <p>
    Another content
  </p>
</SearchResultsPanelStyled>
`;
