// Jest Snapshot v1, https://goo.gl/fbAQLP

exports[`SiteName component renders correctly 1`] = `
<SiteNameStyled>
  Movie Search
</SiteNameStyled>
`;
