// Jest Snapshot v1, https://goo.gl/fbAQLP

exports[`SiteName component renders correctly 1`] = `
<span
  className="site-name"
>
  Movie Search
</span>
`;
