// Jest Snapshot v1, https://goo.gl/fbAQLP

exports[`LoadingBlock component renders correctly 1`] = `
<LoadingIndicator
  hideText={false}
/>
`;
