// Jest Snapshot v1, https://goo.gl/fbAQLP

exports[`ImageLoading component renders correctly 1`] = `
<ImageSpinner>
  <ImageSpinnerBounce1 />
  <ImageSpinnerBounce2 />
</ImageSpinner>
`;
